2026-02-13 14:04:33.595 | INFO     | __main__:main:47 - 데이터 분석 시작...
2026-02-13 14:04:33.882 | WARNING  | __main__:main:95 - 'seq' 컬럼은 모든 값이 동일하므로 제거합니다.
2026-02-13 14:04:33.883 | WARNING  | __main__:main:88 - 'sido_cd' 컬럼은 모든 값이 결측치이므로 제거합니다.
2026-02-13 14:04:33.883 | WARNING  | __main__:main:88 - 'sido_nm' 컬럼은 모든 값이 결측치이므로 제거합니다.
2026-02-13 14:04:33.883 | WARNING  | __main__:main:88 - 'gugun_cd' 컬럼은 모든 값이 결측치이므로 제거합니다.
2026-02-13 14:04:33.885 | WARNING  | __main__:main:88 - 'gugun_nm' 컬럼은 모든 값이 결측치이므로 제거합니다.
2026-02-13 14:04:33.885 | WARNING  | __main__:main:88 - 'code_order' 컬럼은 모든 값이 결측치이므로 제거합니다.
2026-02-13 14:04:33.886 | WARNING  | __main__:main:88 - 'view_yn' 컬럼은 모든 값이 결측치이므로 제거합니다.
2026-02-13 14:04:33.886 | WARNING  | __main__:main:88 - 'store_num' 컬럼은 모든 값이 결측치이므로 제거합니다.
2026-02-13 14:04:33.887 | WARNING  | __main__:main:88 - 'sido' 컬럼은 모든 값이 결측치이므로 제거합니다.
2026-02-13 14:04:33.887 | WARNING  | __main__:main:88 - 'gugun' 컬럼은 모든 값이 결측치이므로 제거합니다.
2026-02-13 14:04:33.888 | WARNING  | __main__:main:88 - 'address' 컬럼은 모든 값이 결측치이므로 제거합니다.
2026-02-13 14:04:33.888 | WARNING  | __main__:main:88 - 'new_img_nm' 컬럼은 모든 값이 결측치이므로 제거합니다.
2026-02-13 14:04:33.889 | WARNING  | __main__:main:88 - 'p_view_yn' 컬럼은 모든 값이 결측치이므로 제거합니다.
2026-02-13 14:04:33.889 | WARNING  | __main__:main:88 - 'p_sido_cd' 컬럼은 모든 값이 결측치이므로 제거합니다.
2026-02-13 14:04:33.890 | WARNING  | __main__:main:88 - 'p_gugun_cd' 컬럼은 모든 값이 결측치이므로 제거합니다.
2026-02-13 14:04:33.890 | WARNING  | __main__:main:88 - 'p_store_nm' 컬럼은 모든 값이 결측치이므로 제거합니다.
2026-02-13 14:04:33.890 | WARNING  | __main__:main:88 - 'p_theme_cd' 컬럼은 모든 값이 결측치이므로 제거합니다.
2026-02-13 14:04:33.890 | WARNING  | __main__:main:88 - 'p_wireless_yn' 컬럼은 모든 값이 결측치이므로 제거합니다.
2026-02-13 14:04:33.891 | WARNING  | __main__:main:88 - 'p_smoking_yn' 컬럼은 모든 값이 결측치이므로 제거합니다.
2026-02-13 14:04:33.891 | WARNING  | __main__:main:88 - 'p_book_yn' 컬럼은 모든 값이 결측치이므로 제거합니다.
2026-02-13 14:04:33.891 | WARNING  | __main__:main:88 - 'p_music_yn' 컬럼은 모든 값이 결측치이므로 제거합니다.
2026-02-13 14:04:33.892 | WARNING  | __main__:main:88 - 'p_terrace_yn' 컬럼은 모든 값이 결측치이므로 제거합니다.
2026-02-13 14:04:33.892 | WARNING  | __main__:main:88 - 'p_table_yn' 컬럼은 모든 값이 결측치이므로 제거합니다.
2026-02-13 14:04:33.892 | WARNING  | __main__:main:88 - 'p_takeout_yn' 컬럼은 모든 값이 결측치이므로 제거합니다.
2026-02-13 14:04:33.892 | WARNING  | __main__:main:88 - 'p_parking_yn' 컬럼은 모든 값이 결측치이므로 제거합니다.
2026-02-13 14:04:33.893 | WARNING  | __main__:main:88 - 'p_dollar_assent' 컬럼은 모든 값이 결측치이므로 제거합니다.
2026-02-13 14:04:33.893 | WARNING  | __main__:main:88 - 'p_card_recharge' 컬럼은 모든 값이 결측치이므로 제거합니다.
2026-02-13 14:04:33.893 | WARNING  | __main__:main:88 - 'p_subway_yn' 컬럼은 모든 값이 결측치이므로 제거합니다.
2026-02-13 14:04:33.894 | WARNING  | __main__:main:88 - 'stb_store_file_renew' 컬럼은 모든 값이 결측치이므로 제거합니다.
2026-02-13 14:04:33.894 | WARNING  | __main__:main:88 - 'stb_store_theme_renew' 컬럼은 모든 값이 결측치이므로 제거합니다.
2026-02-13 14:04:33.894 | WARNING  | __main__:main:88 - 'stb_store_time_renew' 컬럼은 모든 값이 결측치이므로 제거합니다.
2026-02-13 14:04:33.894 | WARNING  | __main__:main:88 - 'stb_store_lsm' 컬럼은 모든 값이 결측치이므로 제거합니다.
2026-02-13 14:04:33.896 | WARNING  | __main__:main:88 - 'dlvry_call_cntr_phno' 컬럼은 모든 값이 결측치이므로 제거합니다.
2026-02-13 14:04:33.899 | WARNING  | __main__:main:88 - 'park_info' 컬럼은 모든 값이 결측치이므로 제거합니다.
2026-02-13 14:04:33.917 | WARNING  | __main__:main:95 - 'new_bool' 컬럼은 모든 값이 동일하므로 제거합니다.
2026-02-13 14:04:33.918 | WARNING  | __main__:main:88 - 'search_text' 컬럼은 모든 값이 결측치이므로 제거합니다.
2026-02-13 14:04:33.919 | WARNING  | __main__:main:88 - 'ins_lat' 컬럼은 모든 값이 결측치이므로 제거합니다.
2026-02-13 14:04:33.936 | WARNING  | __main__:main:88 - 'ins_lng' 컬럼은 모든 값이 결측치이므로 제거합니다.
2026-02-13 14:04:33.949 | WARNING  | __main__:main:95 - 'in_distance' 컬럼은 모든 값이 동일하므로 제거합니다.
2026-02-13 14:04:33.951 | WARNING  | __main__:main:95 - 'all_search_cnt' 컬럼은 모든 값이 동일하므로 제거합니다.
2026-02-13 14:04:33.952 | WARNING  | __main__:main:95 - 'addr_search_cnt' 컬럼은 모든 값이 동일하므로 제거합니다.
2026-02-13 14:04:33.953 | WARNING  | __main__:main:95 - 'store_search_cnt' 컬럼은 모든 값이 동일하므로 제거합니다.
2026-02-13 14:04:33.953 | WARNING  | __main__:main:95 - 'rowCount' 컬럼은 모든 값이 동일하므로 제거합니다.
2026-02-13 14:04:33.954 | WARNING  | __main__:main:88 - 'store_nm' 컬럼은 모든 값이 결측치이므로 제거합니다.
2026-02-13 14:04:33.954 | WARNING  | __main__:main:95 - 'store_cd' 컬럼은 모든 값이 동일하므로 제거합니다.
2026-02-13 14:04:33.955 | WARNING  | __main__:main:88 - 'set_user' 컬럼은 모든 값이 결측치이므로 제거합니다.
2026-02-13 14:04:33.956 | WARNING  | __main__:main:95 - 'favorites' 컬럼은 모든 값이 동일하므로 제거합니다.
2026-02-13 14:04:33.956 | WARNING  | __main__:main:88 - 'map_desc' 컬럼은 모든 값이 결측치이므로 제거합니다.
2026-02-13 14:04:33.957 | WARNING  | __main__:main:88 - 'notice' 컬럼은 모든 값이 결측치이므로 제거합니다.
2026-02-13 14:04:33.958 | WARNING  | __main__:main:88 - 'etcimage' 컬럼은 모든 값이 결측치이므로 제거합니다.
2026-02-13 14:04:33.958 | WARNING  | __main__:main:88 - 'in_biz_cd' 컬럼은 모든 값이 결측치이므로 제거합니다.
2026-02-13 14:04:33.959 | WARNING  | __main__:main:88 - 'in_store_cd' 컬럼은 모든 값이 결측치이므로 제거합니다.
2026-02-13 14:04:33.960 | WARNING  | __main__:main:88 - 'in_favorites' 컬럼은 모든 값이 결측치이므로 제거합니다.
2026-02-13 14:04:33.960 | WARNING  | __main__:main:88 - 'in_user_id' 컬럼은 모든 값이 결측치이므로 제거합니다.
2026-02-13 14:04:33.961 | WARNING  | __main__:main:95 - 'in_biz_cds' 컬럼은 모든 값이 동일하므로 제거합니다.
2026-02-13 14:04:33.961 | WARNING  | __main__:main:88 - 'in_biz_arr' 컬럼은 모든 값이 결측치이므로 제거합니다.
2026-02-13 14:04:33.966 | WARNING  | __main__:main:88 - 'in_biz_arrdata' 컬럼은 모든 값이 결측치이므로 제거합니다.
2026-02-13 14:04:33.968 | WARNING  | __main__:main:95 - 'in_scodes' 컬럼은 모든 값이 동일하므로 제거합니다.
2026-02-13 14:04:33.969 | WARNING  | __main__:main:88 - 'in_scode_arr' 컬럼은 모든 값이 결측치이므로 제거합니다.
2026-02-13 14:04:33.971 | WARNING  | __main__:main:88 - 'in_scode_arrdata' 컬럼은 모든 값이 결측치이므로 제거합니다.
2026-02-13 14:04:33.972 | WARNING  | __main__:main:88 - 'disp' 컬럼은 모든 값이 결측치이므로 제거합니다.
2026-02-13 14:04:33.972 | WARNING  | __main__:main:88 - 'set_date' 컬럼은 모든 값이 결측치이므로 제거합니다.
2026-02-13 14:04:33.973 | WARNING  | __main__:main:88 - 'hlytag' 컬럼은 모든 값이 결측치이므로 제거합니다.
2026-02-13 14:04:33.973 | WARNING  | __main__:main:88 - 'hlytag_msg' 컬럼은 모든 값이 결측치이므로 제거합니다.
2026-02-13 14:04:33.974 | WARNING  | __main__:main:88 - 'vSal' 컬럼은 모든 값이 결측치이므로 제거합니다.
2026-02-13 14:04:33.974 | WARNING  | __main__:main:95 - 'istart' 컬럼은 모든 값이 동일하므로 제거합니다.
2026-02-13 14:04:33.975 | WARNING  | __main__:main:95 - 'iend' 컬럼은 모든 값이 동일하므로 제거합니다.
2026-02-13 14:04:33.975 | WARNING  | __main__:main:95 - 'gold_card' 컬럼은 모든 값이 동일하므로 제거합니다.
2026-02-13 14:04:33.976 | WARNING  | __main__:main:88 - 'ip_lat' 컬럼은 모든 값이 결측치이므로 제거합니다.
2026-02-13 14:04:33.976 | WARNING  | __main__:main:88 - 'ip_long' 컬럼은 모든 값이 결측치이므로 제거합니다.
2026-02-13 14:04:33.976 | WARNING  | __main__:main:88 - 'espresso' 컬럼은 모든 값이 결측치이므로 제거합니다.
2026-02-13 14:04:33.977 | WARNING  | __main__:main:88 - 'new_store' 컬럼은 모든 값이 결측치이므로 제거합니다.
2026-02-13 14:04:33.977 | WARNING  | __main__:main:88 - 'premiere_food' 컬럼은 모든 값이 결측치이므로 제거합니다.
2026-02-13 14:04:33.979 | WARNING  | __main__:main:88 - 'cold_blew' 컬럼은 모든 값이 결측치이므로 제거합니다.
2026-02-13 14:04:33.979 | WARNING  | __main__:main:95 - 'my_siren_order_store_yn' 컬럼은 모든 값이 동일하므로 제거합니다.
2026-02-13 14:04:33.981 | WARNING  | __main__:main:95 - 'whcroad_yn' 컬럼은 모든 값이 동일하므로 제거합니다.
2026-02-13 14:04:33.982 | WARNING  | __main__:main:88 - 'skuNo' 컬럼은 모든 값이 결측치이므로 제거합니다.
2026-02-13 14:04:33.983 | WARNING  | __main__:main:88 - 'skuName' 컬럼은 모든 값이 결측치이므로 제거합니다.
2026-02-13 14:04:33.984 | WARNING  | __main__:main:88 - 'skuImgUrl' 컬럼은 모든 값이 결측치이므로 제거합니다.
2026-02-13 14:04:33.984 | WARNING  | __main__:main:95 - 'stock_count' 컬럼은 모든 값이 동일하므로 제거합니다.
2026-02-13 14:04:33.985 | WARNING  | __main__:main:88 - 'store_area_name' 컬럼은 모든 값이 결측치이므로 제거합니다.
2026-02-13 14:04:33.986 | WARNING  | __main__:main:88 - 'is_open' 컬럼은 모든 값이 결측치이므로 제거합니다.
2026-02-13 14:04:33.986 | WARNING  | __main__:main:88 - 'ev_open_yn' 컬럼은 모든 값이 결측치이므로 제거합니다.
2026-02-13 14:04:33.987 | WARNING  | __main__:main:88 - 'option' 컬럼은 모든 값이 결측치이므로 제거합니다.
2026-02-13 14:04:33.987 | WARNING  | __main__:main:88 - 'gift_stock_yn' 컬럼은 모든 값이 결측치이므로 제거합니다.
2026-02-13 14:04:33.990 | WARNING  | __main__:main:95 - 'z9999' 컬럼은 모든 값이 동일하므로 제거합니다.
2026-02-13 14:04:34.638 | INFO     | __main__:save_plot:32 - 'top10_features.png' 시각화 저장 완료.
2026-02-13 14:04:34.863 | INFO     | __main__:save_plot:32 - 'stores_by_sido.png' 시각화 저장 완료.
2026-02-13 14:04:35.104 | INFO     | __main__:save_plot:32 - 'stores_by_gugun_top_sido.png' 시각화 저장 완료.
2026-02-13 14:04:35.294 | INFO     | __main__:save_plot:32 - 'open_trend_by_year.png' 시각화 저장 완료.
2026-02-13 14:04:35.300 | INFO     | __main__:main:203 - 데이터 분석 및 보고서 생성 완료.
