2026-02-13 14:28:53.697 | INFO     | __main__:main:47 - 데이터 분석 시작...
2026-02-13 14:28:53.971 | WARNING  | __main__:main:95 - 'seq' 컬럼은 모든 값이 동일하므로 제거합니다.
2026-02-13 14:28:53.971 | WARNING  | __main__:main:88 - 'sido_cd' 컬럼은 모든 값이 결측치이므로 제거합니다.
2026-02-13 14:28:53.972 | WARNING  | __main__:main:88 - 'sido_nm' 컬럼은 모든 값이 결측치이므로 제거합니다.
2026-02-13 14:28:53.972 | WARNING  | __main__:main:88 - 'gugun_cd' 컬럼은 모든 값이 결측치이므로 제거합니다.
2026-02-13 14:28:53.973 | WARNING  | __main__:main:88 - 'gugun_nm' 컬럼은 모든 값이 결측치이므로 제거합니다.
2026-02-13 14:28:53.974 | WARNING  | __main__:main:88 - 'code_order' 컬럼은 모든 값이 결측치이므로 제거합니다.
2026-02-13 14:28:53.975 | WARNING  | __main__:main:88 - 'view_yn' 컬럼은 모든 값이 결측치이므로 제거합니다.
2026-02-13 14:28:53.975 | WARNING  | __main__:main:88 - 'store_num' 컬럼은 모든 값이 결측치이므로 제거합니다.
2026-02-13 14:28:53.976 | WARNING  | __main__:main:88 - 'sido' 컬럼은 모든 값이 결측치이므로 제거합니다.
2026-02-13 14:28:53.977 | WARNING  | __main__:main:88 - 'gugun' 컬럼은 모든 값이 결측치이므로 제거합니다.
2026-02-13 14:28:53.977 | WARNING  | __main__:main:88 - 'address' 컬럼은 모든 값이 결측치이므로 제거합니다.
2026-02-13 14:28:53.978 | WARNING  | __main__:main:88 - 'new_img_nm' 컬럼은 모든 값이 결측치이므로 제거합니다.
2026-02-13 14:28:53.979 | WARNING  | __main__:main:88 - 'p_view_yn' 컬럼은 모든 값이 결측치이므로 제거합니다.
2026-02-13 14:28:53.980 | WARNING  | __main__:main:88 - 'p_sido_cd' 컬럼은 모든 값이 결측치이므로 제거합니다.
2026-02-13 14:28:53.980 | WARNING  | __main__:main:88 - 'p_gugun_cd' 컬럼은 모든 값이 결측치이므로 제거합니다.
2026-02-13 14:28:53.980 | WARNING  | __main__:main:88 - 'p_store_nm' 컬럼은 모든 값이 결측치이므로 제거합니다.
2026-02-13 14:28:53.981 | WARNING  | __main__:main:88 - 'p_theme_cd' 컬럼은 모든 값이 결측치이므로 제거합니다.
2026-02-13 14:28:53.981 | WARNING  | __main__:main:88 - 'p_wireless_yn' 컬럼은 모든 값이 결측치이므로 제거합니다.
2026-02-13 14:28:53.982 | WARNING  | __main__:main:88 - 'p_smoking_yn' 컬럼은 모든 값이 결측치이므로 제거합니다.
2026-02-13 14:28:53.982 | WARNING  | __main__:main:88 - 'p_book_yn' 컬럼은 모든 값이 결측치이므로 제거합니다.
2026-02-13 14:28:53.983 | WARNING  | __main__:main:88 - 'p_music_yn' 컬럼은 모든 값이 결측치이므로 제거합니다.
2026-02-13 14:28:53.983 | WARNING  | __main__:main:88 - 'p_terrace_yn' 컬럼은 모든 값이 결측치이므로 제거합니다.
2026-02-13 14:28:53.984 | WARNING  | __main__:main:88 - 'p_table_yn' 컬럼은 모든 값이 결측치이므로 제거합니다.
2026-02-13 14:28:53.984 | WARNING  | __main__:main:88 - 'p_takeout_yn' 컬럼은 모든 값이 결측치이므로 제거합니다.
2026-02-13 14:28:53.985 | WARNING  | __main__:main:88 - 'p_parking_yn' 컬럼은 모든 값이 결측치이므로 제거합니다.
2026-02-13 14:28:53.985 | WARNING  | __main__:main:88 - 'p_dollar_assent' 컬럼은 모든 값이 결측치이므로 제거합니다.
2026-02-13 14:28:53.985 | WARNING  | __main__:main:88 - 'p_card_recharge' 컬럼은 모든 값이 결측치이므로 제거합니다.
2026-02-13 14:28:53.986 | WARNING  | __main__:main:88 - 'p_subway_yn' 컬럼은 모든 값이 결측치이므로 제거합니다.
2026-02-13 14:28:53.986 | WARNING  | __main__:main:88 - 'stb_store_file_renew' 컬럼은 모든 값이 결측치이므로 제거합니다.
2026-02-13 14:28:53.987 | WARNING  | __main__:main:88 - 'stb_store_theme_renew' 컬럼은 모든 값이 결측치이므로 제거합니다.
2026-02-13 14:28:53.987 | WARNING  | __main__:main:88 - 'stb_store_time_renew' 컬럼은 모든 값이 결측치이므로 제거합니다.
2026-02-13 14:28:53.987 | WARNING  | __main__:main:88 - 'stb_store_lsm' 컬럼은 모든 값이 결측치이므로 제거합니다.
2026-02-13 14:28:53.989 | WARNING  | __main__:main:88 - 'dlvry_call_cntr_phno' 컬럼은 모든 값이 결측치이므로 제거합니다.
2026-02-13 14:28:53.991 | WARNING  | __main__:main:88 - 'park_info' 컬럼은 모든 값이 결측치이므로 제거합니다.
2026-02-13 14:28:53.992 | WARNING  | __main__:main:95 - 'new_bool' 컬럼은 모든 값이 동일하므로 제거합니다.
2026-02-13 14:28:53.993 | WARNING  | __main__:main:88 - 'search_text' 컬럼은 모든 값이 결측치이므로 제거합니다.
2026-02-13 14:28:53.994 | WARNING  | __main__:main:88 - 'ins_lat' 컬럼은 모든 값이 결측치이므로 제거합니다.
2026-02-13 14:28:53.994 | WARNING  | __main__:main:88 - 'ins_lng' 컬럼은 모든 값이 결측치이므로 제거합니다.
2026-02-13 14:28:53.995 | WARNING  | __main__:main:95 - 'in_distance' 컬럼은 모든 값이 동일하므로 제거합니다.
2026-02-13 14:28:53.996 | WARNING  | __main__:main:95 - 'all_search_cnt' 컬럼은 모든 값이 동일하므로 제거합니다.
2026-02-13 14:28:53.997 | WARNING  | __main__:main:95 - 'addr_search_cnt' 컬럼은 모든 값이 동일하므로 제거합니다.
2026-02-13 14:28:53.997 | WARNING  | __main__:main:95 - 'store_search_cnt' 컬럼은 모든 값이 동일하므로 제거합니다.
2026-02-13 14:28:53.998 | WARNING  | __main__:main:95 - 'rowCount' 컬럼은 모든 값이 동일하므로 제거합니다.
2026-02-13 14:28:53.999 | WARNING  | __main__:main:88 - 'store_nm' 컬럼은 모든 값이 결측치이므로 제거합니다.
2026-02-13 14:28:53.999 | WARNING  | __main__:main:95 - 'store_cd' 컬럼은 모든 값이 동일하므로 제거합니다.
2026-02-13 14:28:54.001 | WARNING  | __main__:main:88 - 'set_user' 컬럼은 모든 값이 결측치이므로 제거합니다.
2026-02-13 14:28:54.002 | WARNING  | __main__:main:95 - 'favorites' 컬럼은 모든 값이 동일하므로 제거합니다.
2026-02-13 14:28:54.002 | WARNING  | __main__:main:88 - 'map_desc' 컬럼은 모든 값이 결측치이므로 제거합니다.
2026-02-13 14:28:54.003 | WARNING  | __main__:main:88 - 'notice' 컬럼은 모든 값이 결측치이므로 제거합니다.
2026-02-13 14:28:54.004 | WARNING  | __main__:main:88 - 'etcimage' 컬럼은 모든 값이 결측치이므로 제거합니다.
2026-02-13 14:28:54.004 | WARNING  | __main__:main:88 - 'in_biz_cd' 컬럼은 모든 값이 결측치이므로 제거합니다.
2026-02-13 14:28:54.005 | WARNING  | __main__:main:88 - 'in_store_cd' 컬럼은 모든 값이 결측치이므로 제거합니다.
2026-02-13 14:28:54.005 | WARNING  | __main__:main:88 - 'in_favorites' 컬럼은 모든 값이 결측치이므로 제거합니다.
2026-02-13 14:28:54.005 | WARNING  | __main__:main:88 - 'in_user_id' 컬럼은 모든 값이 결측치이므로 제거합니다.
2026-02-13 14:28:54.006 | WARNING  | __main__:main:95 - 'in_biz_cds' 컬럼은 모든 값이 동일하므로 제거합니다.
2026-02-13 14:28:54.006 | WARNING  | __main__:main:88 - 'in_biz_arr' 컬럼은 모든 값이 결측치이므로 제거합니다.
2026-02-13 14:28:54.007 | WARNING  | __main__:main:88 - 'in_biz_arrdata' 컬럼은 모든 값이 결측치이므로 제거합니다.
2026-02-13 14:28:54.009 | WARNING  | __main__:main:95 - 'in_scodes' 컬럼은 모든 값이 동일하므로 제거합니다.
2026-02-13 14:28:54.010 | WARNING  | __main__:main:88 - 'in_scode_arr' 컬럼은 모든 값이 결측치이므로 제거합니다.
2026-02-13 14:28:54.010 | WARNING  | __main__:main:88 - 'in_scode_arrdata' 컬럼은 모든 값이 결측치이므로 제거합니다.
2026-02-13 14:28:54.011 | WARNING  | __main__:main:88 - 'disp' 컬럼은 모든 값이 결측치이므로 제거합니다.
2026-02-13 14:28:54.012 | WARNING  | __main__:main:88 - 'set_date' 컬럼은 모든 값이 결측치이므로 제거합니다.
2026-02-13 14:28:54.012 | WARNING  | __main__:main:88 - 'hlytag' 컬럼은 모든 값이 결측치이므로 제거합니다.
2026-02-13 14:28:54.013 | WARNING  | __main__:main:88 - 'hlytag_msg' 컬럼은 모든 값이 결측치이므로 제거합니다.
2026-02-13 14:28:54.013 | WARNING  | __main__:main:88 - 'vSal' 컬럼은 모든 값이 결측치이므로 제거합니다.
2026-02-13 14:28:54.014 | WARNING  | __main__:main:95 - 'istart' 컬럼은 모든 값이 동일하므로 제거합니다.
2026-02-13 14:28:54.015 | WARNING  | __main__:main:95 - 'iend' 컬럼은 모든 값이 동일하므로 제거합니다.
2026-02-13 14:28:54.016 | WARNING  | __main__:main:95 - 'gold_card' 컬럼은 모든 값이 동일하므로 제거합니다.
2026-02-13 14:28:54.017 | WARNING  | __main__:main:88 - 'ip_lat' 컬럼은 모든 값이 결측치이므로 제거합니다.
2026-02-13 14:28:54.017 | WARNING  | __main__:main:88 - 'ip_long' 컬럼은 모든 값이 결측치이므로 제거합니다.
2026-02-13 14:28:54.018 | WARNING  | __main__:main:88 - 'espresso' 컬럼은 모든 값이 결측치이므로 제거합니다.
2026-02-13 14:28:54.018 | WARNING  | __main__:main:88 - 'new_store' 컬럼은 모든 값이 결측치이므로 제거합니다.
2026-02-13 14:28:54.019 | WARNING  | __main__:main:88 - 'premiere_food' 컬럼은 모든 값이 결측치이므로 제거합니다.
2026-02-13 14:28:54.020 | WARNING  | __main__:main:88 - 'cold_blew' 컬럼은 모든 값이 결측치이므로 제거합니다.
2026-02-13 14:28:54.021 | WARNING  | __main__:main:95 - 'my_siren_order_store_yn' 컬럼은 모든 값이 동일하므로 제거합니다.
2026-02-13 14:28:54.021 | WARNING  | __main__:main:95 - 'whcroad_yn' 컬럼은 모든 값이 동일하므로 제거합니다.
2026-02-13 14:28:54.022 | WARNING  | __main__:main:88 - 'skuNo' 컬럼은 모든 값이 결측치이므로 제거합니다.
2026-02-13 14:28:54.022 | WARNING  | __main__:main:88 - 'skuName' 컬럼은 모든 값이 결측치이므로 제거합니다.
2026-02-13 14:28:54.022 | WARNING  | __main__:main:88 - 'skuImgUrl' 컬럼은 모든 값이 결측치이므로 제거합니다.
2026-02-13 14:28:54.023 | WARNING  | __main__:main:95 - 'stock_count' 컬럼은 모든 값이 동일하므로 제거합니다.
2026-02-13 14:28:54.024 | WARNING  | __main__:main:88 - 'store_area_name' 컬럼은 모든 값이 결측치이므로 제거합니다.
2026-02-13 14:28:54.025 | WARNING  | __main__:main:88 - 'is_open' 컬럼은 모든 값이 결측치이므로 제거합니다.
2026-02-13 14:28:54.025 | WARNING  | __main__:main:88 - 'ev_open_yn' 컬럼은 모든 값이 결측치이므로 제거합니다.
2026-02-13 14:28:54.026 | WARNING  | __main__:main:88 - 'option' 컬럼은 모든 값이 결측치이므로 제거합니다.
2026-02-13 14:28:54.027 | WARNING  | __main__:main:88 - 'gift_stock_yn' 컬럼은 모든 값이 결측치이므로 제거합니다.
2026-02-13 14:28:54.029 | WARNING  | __main__:main:95 - 'z9999' 컬럼은 모든 값이 동일하므로 제거합니다.
2026-02-13 14:28:54.418 | INFO     | __main__:save_plot:32 - 'top10_features.png' 시각화 저장 완료.
2026-02-13 14:28:54.681 | INFO     | __main__:save_plot:32 - 'stores_by_sido.png' 시각화 저장 완료.
2026-02-13 14:28:54.961 | INFO     | __main__:save_plot:32 - 'stores_by_gugun_top_sido.png' 시각화 저장 완료.
2026-02-13 14:28:55.168 | INFO     | __main__:save_plot:32 - 'open_trend_by_year.png' 시각화 저장 완료.
2026-02-13 14:28:55.177 | INFO     | __main__:main:212 - 데이터 분석 및 보고서 생성 완료.
