2026-02-13 16:50:28.389 | INFO     | __main__:main:154 - SSG 상품 스크레이핑 시작 (페이지 6부터 10까지)
2026-02-13 16:50:28.407 | INFO     | __main__:create_connection_and_table:61 - 데이터베이스 'ssg_com/ssg_items.db'에 연결되었고, 'items' 테이블이 준비되었습니다.
2026-02-13 16:50:28.407 | INFO     | __main__:main:161 - --- 페이지 6 처리 시작 ---
2026-02-13 16:50:28.945 | INFO     | __main__:fetch_items:91 - 페이지 6: 상품 30개 수집 완료. (URL: https://frontapi.ssg.com/dp/api/v2/page/area)
2026-02-13 16:50:28.984 | SUCCESS  | __main__:save_df_to_db:143 - 데이터 30개 중 새로운 데이터가 DB에 저장되었습니다.
2026-02-13 16:50:28.985 | INFO     | __main__:save_df_to_db:146 -   -> 예시: 'SSGonly 셰프컬렉션~1+1'
2026-02-13 16:50:28.985 | INFO     | __main__:main:174 - --- 페이지 6 처리 완료 ---
2026-02-13 16:50:29.986 | INFO     | __main__:main:161 - --- 페이지 7 처리 시작 ---
2026-02-13 16:50:30.454 | INFO     | __main__:fetch_items:91 - 페이지 7: 상품 30개 수집 완료. (URL: https://frontapi.ssg.com/dp/api/v2/page/area)
2026-02-13 16:50:30.489 | SUCCESS  | __main__:save_df_to_db:143 - 데이터 30개 중 새로운 데이터가 DB에 저장되었습니다.
2026-02-13 16:50:30.489 | INFO     | __main__:save_df_to_db:146 -   -> 예시: '제일 빛나는 CJ 선물세트'
2026-02-13 16:50:30.490 | INFO     | __main__:main:174 - --- 페이지 7 처리 완료 ---
2026-02-13 16:50:31.490 | INFO     | __main__:main:161 - --- 페이지 8 처리 시작 ---
2026-02-13 16:50:31.976 | INFO     | __main__:fetch_items:91 - 페이지 8: 상품 30개 수집 완료. (URL: https://frontapi.ssg.com/dp/api/v2/page/area)
2026-02-13 16:50:32.015 | SUCCESS  | __main__:save_df_to_db:143 - 데이터 30개 중 새로운 데이터가 DB에 저장되었습니다.
2026-02-13 16:50:32.016 | INFO     | __main__:save_df_to_db:146 -   -> 예시: '[컨버스공식]신학기 BEST  브랜드 세일'
2026-02-13 16:50:32.016 | INFO     | __main__:main:174 - --- 페이지 8 처리 완료 ---
2026-02-13 16:50:33.017 | INFO     | __main__:main:161 - --- 페이지 9 처리 시작 ---
2026-02-13 16:50:33.501 | INFO     | __main__:fetch_items:91 - 페이지 9: 상품 30개 수집 완료. (URL: https://frontapi.ssg.com/dp/api/v2/page/area)
2026-02-13 16:50:33.535 | SUCCESS  | __main__:save_df_to_db:143 - 데이터 30개 중 새로운 데이터가 DB에 저장되었습니다.
2026-02-13 16:50:33.536 | INFO     | __main__:save_df_to_db:146 -   -> 예시: '브랜드위크 ~55% OFF'
2026-02-13 16:50:33.536 | INFO     | __main__:main:174 - --- 페이지 9 처리 완료 ---
2026-02-13 16:50:34.537 | INFO     | __main__:main:161 - --- 페이지 10 처리 시작 ---
2026-02-13 16:50:35.530 | INFO     | __main__:fetch_items:91 - 페이지 10: 상품 30개 수집 완료. (URL: https://frontapi.ssg.com/dp/api/v2/page/area)
2026-02-13 16:50:35.565 | SUCCESS  | __main__:save_df_to_db:143 - 데이터 30개 중 새로운 데이터가 DB에 저장되었습니다.
2026-02-13 16:50:35.566 | INFO     | __main__:save_df_to_db:146 -   -> 예시: '편안한 착용감의 여성&남성 데일리 아이템 최대 80% + 추가쿠폰혜택!'
2026-02-13 16:50:35.566 | INFO     | __main__:main:174 - --- 페이지 10 처리 완료 ---
2026-02-13 16:50:36.567 | INFO     | __main__:main:182 - 데이터베이스 연결이 종료되었습니다.
2026-02-13 16:50:36.568 | INFO     | __main__:main:184 - SSG 상품 스크레이핑 완료.
